CGTN,https://0472.org/hls/cgtn.m3u8
CGTN俄语,https://0472.org/hls/cgtne.m3u8
CGTN法语,https://0472.org/hls/cgtnf.m3u8
CGTN纪录,https://0472.org/hls/cgtnd.m3u8
CGTN西语,https://0472.org/hls/cgtnx.m3u8
CGTN阿语,https://0472.org/hls/cgtna.m3u8
中国交通,http://drive.mxmy.net:8888/udp/239.3.1.188:8001
熊猫直播,https://gcwbndali.v.myalicdn.com/gcwbnd/ipanda1000_2/index.m3u8
直播中国,https://gcalic.v.myalicdn.com/gc/wgw05_1/index.m3u8?contentid=2820180516001
支持作者,https://vd3.bdstatic.com/mda-rkaittm5s06vzzyq/sc/cae_h264/1762869883709304452/mda-rkaittm5s06vzzyq.mp4
兵团卫视,http://183.11.239.36:808/hls/7/index.m3u8
海峡卫视,http://8.138.7.223/tv/hxws.m3u8
农林卫视,http://120.76.248.139/live/bfgd/4200000122.m3u8
厦门卫视,http://38.75.136.137:98/gslb/dsdqpub/xmws.m3u8?auth=testpub
延边卫视,http://120.76.248.139/live/bfgd/4200000117.m3u8
山东教育,https://test1.live.sdetv.com.cn/live/dianshizhibo/playlist.m3u8
东方卫视4K,https://bp-resource-dfl.bestv.cn/148/3/video.m3u8
东森亚洲卫视,https://p2hs.vzan.com/slowlive/821481626725612419/live.m3u8
北京卫视4K超,http://183.215.134.239:19901/tsfile/live/0122_1.m3u8?key=txiptv&playlive=1&authid=0
苏州4K,https://tylive.kan0512.com/norecord/csztv4k_4k.m3u8
科幻电影,https://yylunbo.ottiptv.cc/yy/1354930209
凤凰电影,http://iot-mqqt.111yao.cn:8080/live/diyp_fhdy.m3u8
龙华电影,https://cdn8.163189.xyz/live/lhdy/stream.m3u8
AMC电影,http://61.221.215.25:8800/hls/43/index.m3u8
1930年代经典电影,https://yylunbo.ottiptv.cc/yy/1356363815
CHC电影,http://183.237.95.108:9901/tsfile/live/1008_1.m3u8?key=txiptv&playlive=0&authid=0
YY果国际电影频道,https://yylunbo.ottiptv.cc/yy/1382627144
东阳影视生活,http://l.cztvcloud.com/channels/lantian/SXdongyang1/720p.m3u8
人在囧途,https://vip.ffzy-play.com/20221018/1953_2d6ba500/index.m3u8
人在囧途之泰囧,https://vip.ffzy-play.com/20221018/1951_47e1adc8/index.m3u8
人在囧途之港囧,https://vip.ffzy-play7.com/20230112/11082_fde1a94d/index.m3u8
倩女幽魂人间道,http://jsmov2.a.yximgs.com/bs3/video-hls/5250634317044855747_hlsb.m3u8
倩女幽魂妖魔道,http://jsmov2.a.yximgs.com/bs3/video-hls/5232901391302199073_hlsb.m3u8
倩女幽魂道道道,http://jsmov2.a.yximgs.com/bs3/video-hls/5216294367991385255_hlsb.m3u8
冰冰影剧,http://www.douzhicloud.site:35455/douyu/74374
刀刀影院,http://www.douzhicloud.site:35455/douyu/747764
刑事侦缉档案,http://www.douzhicloud.site:35455/huya/29465856
刘德华电影,http://www.douzhicloud.site:35455/huya/11342424
功夫电影,http://www.douzhicloud.site:35455/huya/11352941
华语影视,http://www.douzhicloud.site:35455/douyu/3928
古天乐电影,http://www.douzhicloud.site:35455/huya/29982675
古装武侠,http://www.douzhicloud.site:35455/douyu/2793084
史诗级科幻电影阿凡达,https://yylunbo.ottiptv.cc/yy/1382735577
周星驰搞笑电影,https://yylunbo.ottiptv.cc/yy/38670875
哈尔滨影视,https://stream.hrbtv.net/yspd/sd/live.m3u8
国产动作电影,https://yylunbo.ottiptv.cc/yy/1382736858
国产大片电影,https://yylunbo.ottiptv.cc/yy/1354926655
国产电影就是闹着玩的,https://yylunbo.ottiptv.cc/yy/1354931503
国内玄幻电影林正英,https://yylunbo.ottiptv.cc/yy/1354932444
国内经典动作电影,https://yylunbo.ottiptv.cc/yy/1382851522
夏洛特烦恼国内电影喜剧,https://yylunbo.ottiptv.cc/yy/1354936201
大江大河2高分影视推荐,https://yylunbo.ottiptv.cc/yy/1382736797
大进军全集红色系列电影,https://yylunbo.ottiptv.cc/yy/1382745083
天龙八部,http://www.douzhicloud.site:35455/yy/1351814644
奇幻冒险电影凯斯宾王子的魔法征途,https://yylunbo.ottiptv.cc/yy/1354926671
妙手仁心,http://www.douzhicloud.site:35455/huya/29465853
安徽影视,http://112.27.235.94:8000/hls/24/index.m3u8
寒战,https://vip.ffzy-play6.com/20221019/157_bf0740ee/index.m3u8
封神榜,http://www.douzhicloud.site:35455/huya/29465849
射雕英雄传,http://www.douzhicloud.site:35455/huya/23824164
岳云鹏宋小宝也来演电影了,https://yylunbo.ottiptv.cc/yy/1354926612
广东影视,http://119.32.12.17:2901/udp/224.1.100.11:11111
影视小艺,https://yylunbo.ottiptv.cc/yy/1382737886
怪兽电影,http://www.douzhicloud.site:35455/huya/21059577
怪医文三块影视剧,https://yylunbo.ottiptv.cc/yy/1354936154
恐怖电影,https://yylunbo.ottiptv.cc/yy/24066336
悬疑武侠电影九门,https://yylunbo.ottiptv.cc/yy/1382828768
成龙电影,http://www.douzhicloud.site:35455/huya/11342386
我不是药神,https://vip.ffzy-play1.com/20221018/478_c3afed66/index.m3u8
战争电影,http://www.douzhicloud.site:35455/huya/21059574
扫黄先锋,http://www.douzhicloud.site:35455/huya/29465855
拆弹专家1,https://vip.ffzy-online.com/20221015/719_80ff87c2/index.m3u8
拆弹专家2,https://vip.ffzy-online.com/20221015/722_e32c42bc/index.m3u8
斗鱼港剧,http://www.douzhicloud.site:35455/douyu/5061550
无心法师,http://www.douzhicloud.site:35455/huya/30080233
晨晨的影视小窝,https://yylunbo.ottiptv.cc/yy/1382851576
末日电影合集,http://www.douzhicloud.site:35455/yy/1354889019
末日系列外国电影合集,https://yylunbo.ottiptv.cc/yy/1354889019
林正英电影,http://www.douzhicloud.site:35455/huya/11342421
林正英经典电影,https://yylunbo.ottiptv.cc/yy/34229877
梅艳芳主演喜剧电影,https://yylunbo.ottiptv.cc/yy/1382735627
楚汉骄雄,http://www.douzhicloud.site:35455/huya/29465854
橙记港剧,http://www.douzhicloud.site:35455/douyu/4549169
欧美配音电影,https://yylunbo.ottiptv.cc/yy/1354693629
武侠电影,http://www.douzhicloud.site:35455/huya/11342427
江苏影视,http://gslbmgsplive.miguvideo.com/wd_r2/jstv/jsyingshi/600/index.m3u8?msisdn=2025090309003105f41cc73cf04c92833c2265c0140111&mdspid=&spid=699067&netType=0&sid=5500260517&pid=2028597139&timestamp=20250903090031&Channel_ID=0116_2600037000-99000-200300220100002&ProgramID=626064697&ParentNodeID=-99&assertID=5500260517&client_ip=106.13.250.83&SecurityKey=20250903090031&promotionId=&mvid=5100186424&mcid=500020&playurlVersion=WX-A1-8.8.1-RELEASE&userid=&jmhm=&videocodec=h264&bean=mgspad&tid=android&conFee=0&puData=6814112e9248d0d7b2bc482bd82b9897&ddCalcu=7698v81a94wb1a2182deb9228448cdb02db7&sv=10004&ct=android
沈腾电影,http://www.douzhicloud.site:35455/huya/11601968
法政先锋,http://www.douzhicloud.site:35455/huya/23863804
洗冤录,http://www.douzhicloud.site:35455/huya/29465851
活佛济公3,http://www.douzhicloud.site:35455/huya/23903123
浙江教科影视,https://ali-m-l.cztv.com/channels/lantian/channel004/1080p.m3u8
热血抗日电影,https://yylunbo.ottiptv.cc/yy/1382749907
热门港剧,http://www.douzhicloud.site:35455/douyu/5522351
爆笑电影王牌大贱谍23,https://yylunbo.ottiptv.cc/yy/1382735556
狄仁杰电影,http://www.douzhicloud.site:35455/huya/30080229
珍珠港电影,https://yylunbo.ottiptv.cc/yy/1354936234
电影八点档,http://live.metshop.top/huya/880261?cdn=alicdn
电影功夫片,http://live.metshop.top/huya/11352941?cdn=alicdn
电影动作电影,http://live.metshop.top/huya/11602077?cdn=alicdn
电影嫣然影厅,http://live.metshop.top/huya/11601977?cdn=alicdn
电影搞笑喜剧,http://live.metshop.top/huya/11342423?cdn=alicdn
电影犯罪片,http://live.metshop.top/huya/11352974?cdn=alicdn
电影电影电影电影电影电影,https://yylunbo.ottiptv.cc/yy/1351496216
电影百团大战,https://yylunbo.ottiptv.cc/yy/1382736871
电影蜘蛛侠,http://live.metshop.top/huya/21059599?cdn=alicdn
电影谍战,http://live.metshop.top/huya/21059585?cdn=alicdn
电影谍战片,http://live.metshop.top/huya/21059587?cdn=alicdn
电影高分动作,http://live.metshop.top/huya/11352884?cdn=alicdn
电影黑豹,https://yylunbo.ottiptv.cc/yy/1382736816
神雕侠侣,http://www.douzhicloud.site:35455/huya/23865171
粟裕大将影视,https://yylunbo.ottiptv.cc/yy/1354926542
精彩动作电影,https://yylunbo.ottiptv.cc/yy/1382736823
精彩动作电影享不停,https://yylunbo.ottiptv.cc/yy/1382736809
绍兴文化影视,http://live.shaoxing.com.cn/video/s10001-sxtv3/index.m3u8
经典剧集,http://www.douzhicloud.site:35455/douyu/6863367
经典港片电影,https://yylunbo.ottiptv.cc/yy/1461889059
经典电影港片枪战,https://yylunbo.ottiptv.cc/yy/1355076627
经典电影重温,https://yylunbo.ottiptv.cc/yy/1382793140
老卓电影,https://yylunbo.ottiptv.cc/yy/1354770516
西游记2,http://www.douzhicloud.site:35455/huya/29465859
让子弹飞,https://vip.ffzy-play7.com/20230116/11563_b9f44814/index.m3u8
谍战电影,http://www.douzhicloud.site:35455/huya/21059585
贝爷求生,http://www.douzhicloud.site:35455/douyu/4332
贺岁电影,http://www.douzhicloud.site:35455/huya/11601986
超精彩系列动作电影,https://yylunbo.ottiptv.cc/yy/1382745096
辽宁影视剧,http://120.76.248.139/live/bfgd/4200000070.m3u8
远去的飞鹰影视剧,https://yylunbo.ottiptv.cc/yy/1354930912
邵氏影院,http://www.douzhicloud.site:35455/douyu/4246519
野山鹰影视剧,https://yylunbo.ottiptv.cc/yy/1354932395
野蛮亲家,http://www.douzhicloud.site:35455/huya/23863796
金庸武侠,http://www.douzhicloud.site:35455/huya/11342435
金枝欲孽,http://www.douzhicloud.site:35455/huya/29465847
陀枪师姐,http://www.douzhicloud.site:35455/huya/29465857
韩国电影2,https://stream.ads.ottera.tv/playlist.m3u8?network_id=743
鹿鼎记,http://www.douzhicloud.site:35455/yy/28265277
黄渤电影,http://www.douzhicloud.site:35455/huya/11352876
龙门飞甲,http://jsmov2.a.yximgs.com/bs3/video-hls/5203346449046555193_hlsb.m3u8
重温经典,https://other.ottiptv.cc/cwjd.m3u8
纪实科教8K,http://111.31.106.140/downflv.brtvcloud.com/8klive/8kliveok.m3u8
北京纪实科教8K,https://gdcucc.v1.mk/gdcucc/brtv8k.m3u8
南国都市,https://tencentplay.gztv.com/live/nanguodushi.m3u8?txSecret=550af55c0ea34ce492748481415b6dfa&txTime=1903e7b17de
四川科教,http://182.150.115.21:8030/pcgacg/pcgacg_0.m3u8
新视觉,http://120.76.248.139/live/bfgd/4200000249.m3u8
纪实科教,http://120.76.248.139/live/bfgd/4200000113.m3u8
炫动卡通,http://120.238.94.10:9901/tsfile/live/1037_1.m3u8
金鹰卡通,http://58.57.40.22:9901/tsfile/live/1059_1.m3u8
广东少儿,http://gmxw.7766.org:808/hls/175/index.m3u8
浙江少儿,https://ali-m-l.cztv.com/channels/lantian/channel008/1080p.m3u8
卡酷动画,http://58.57.40.22:9901/tsfile/live/1060_1.m3u8
七龙珠,http://www.douzhicloud.site:35455/huya/11601966
中华小当家,https://live.iill.top/huya/11342413
南京少儿,http://nklive.nbs.cn/hls/e0981f3f-1a20-4a59-b8d1-17feb83a4610/index.m3u8
名侦探柯南,http://www.douzhicloud.site:35455/huya/30080236
哆啦A梦,http://www.douzhicloud.site:35455/huya/11601963
武汉少儿频道,http://hzzzz530.com:4022/udp/239.69.1.6:9676
海绵宝宝,https://live.metshop.top/douyu/3949681
灌篮高手,http://www.douzhicloud.site:35455/yy/1382735626
猫和老鼠,http://www.douzhicloud.site:35455/huya/11352879
福州少儿,http://live.zohi.tv/video/s10001-fztv-4/index.m3u8
精灵宝可梦,http://www.douzhicloud.site:35455/huya/23749096
蜡笔小新,http://www.douzhicloud.site:35455/bilibili/30837590
韩国EBS少儿,http://ebsonairios.ebs.co.kr/ebsutablet500k/tablet500k/playlist.m3u8
黑龙江少儿,https://ls.qingting.fm/live/4972/64k.m3u8
厦门卫视,http://183.11.239.36:808/hls/17/index.m3u8
延边卫视,http://gmxw.7766.org:808/hls/15/index.m3u8
安多卫视,https://liveout.xntv.tv/a65jur/96iln2.m3u8
优漫卡通,http://119.32.12.17:2901/udp/224.1.100.119:11111
山东教育,http://gslbmgsplive.miguvideo.com/migu/kailu/sdjyws/51/20250915/index.m3u8?msisdn=20250927080126244a72fa1b554182ae03568fff35bca7&mdspid=&spid=600697&netType=0&sid=5910022199&pid=2028597139&timestamp=20250927080126&Channel_ID=0116_2600000900-99000-201600010010027&ProgramID=609154353&ParentNodeID=-99&assertID=5910022199&client_ip=106.13.250.83&SecurityKey=20250927080126&promotionId=&mvid=2200208305&mcid=500020&playurlVersion=WX-A1-8.9.2-RELEASE&userid=&jmhm=&videocodec=h264&bean=mgspad&tid=android&conFee=0&puData=41ee1554c91427e91ee78ce8b64f7a33&ddCalcu=3431eae27e9f104565b48ce9c18472e7ee19
快乐垂钓,http://drive.mxmy.net:8888/udp/239.3.1.164:8001
七台河新闻综合,http://live.qthnews.org.cn:1935/live/live1/800k/tzwj_video.m3u8
七台河民生社教,http://live.qthnews.org.cn:1935/live/live2/800k/tzwj_video.m3u8
万州三峡移民,http://123.146.162.24:8017/c2F0hmi/1000/live.m3u8
万州综合,http://123.146.162.24:8017/iTXwrGs/800/live.m3u8?zzhongqd
万荣综合,http://60.222.246.220:19433/hls1.m3u8
三明新闻综合,http://ls.qingting.fm/live/4885.m3u8
上海新闻综合,https://mgtv.ottiptv.cc/migu/651632657.m3u8?migutoken=348c9164063c2b1df215dd2fa7cd92cb119d8a335ae0edfb5d615a6c714e71b669eee2f5ff1730afa92af7ca41d0aa96e3a280d7e5f2069eb8a3b852f3ebc270147489d7c8bfb08a7c4b9c4d80
上海第一财经,https://satellitepull.cnr.cn/live/wx32dycjgb/playlist.m3u8
上虞文化影院,http://l.cztvcloud.com/channels/lantian/SXshangyu2/720p.m3u8
上虞新商都,http://l.cztvcloud.com/channels/lantian/SXshangyu3/720p.m3u8
CGTN,https://0472.org/hls/cgtn.m3u8
CGTN,http://english-livetx.cgtn.com/hls/yypdyyctzb_hd.m3u8
CGTN俄语,https://0472.org/hls/cgtne.m3u8
CGTN俄语,http://russian-livews.cgtn.com/hls/LSvexABhNipibK5KRuUkvHZ7220802LSTeze9o8tdFXMHsb1VosgoT220802cd.m3u8
CGTN法语,https://0472.org/hls/cgtnf.m3u8
CGTN法语,http://espanol-liveali.cgtn.com/hls/LSveOGBaBw41Ea7ukkVAUdKQ220802LSTexu6xAuFH8VZNBLE1ZNEa220802cd.m3u8
CGTN纪录,https://0472.org/hls/cgtnd.m3u8
CGTN纪录,https://english-livetx.cgtn.com/hls/yypdjlctzb_hd.m3u8
CGTN西语,https://0472.org/hls/cgtnx.m3u8
CGTN阿语,https://0472.org/hls/cgtna.m3u8
中国交通,http://drive.mxmy.net:8888/udp/239.3.1.188:8001
熊猫直播,https://gcwbndali.v.myalicdn.com/gcwbnd/ipanda1000_2/index.m3u8
直播中国,https://gcalic.v.myalicdn.com/gc/wgw05_1/index.m3u8?contentid=2820180516001
支持作者,https://vd3.bdstatic.com/mda-rkaittm5s06vzzyq/sc/cae_h264/1762869883709304452/mda-rkaittm5s06vzzyq.mp4
兵团卫视,http://183.11.239.36:808/hls/7/index.m3u8
兵团卫视,http://120.76.248.139/live/bfgd/4200000124.m3u8
兵团卫视,http://218.13.170.98:9901/tsfile/live/0115_1.m3u8
海峡卫视,http://8.138.7.223/tv/hxws.m3u8
海峡卫视,http://38.64.72.148:80/hls/modn/list/4009/chunklist0.m3u8
海峡卫视,http://38.64.72.148:80/hls/modn/list/4009/playlist.m3u8
海峡卫视,http://hlsbkmgsplive.miguvideo.com/migu/kailu/haixiaws/57/20230724/01.m3u8?msisdn=&Channel_ID=&ContentId=&HlsSubType=&HlsProfileId=&encrypt=
上虞新闻综合,http://l.cztvcloud.com/channels/lantian/SXshangyu1/720p.m3u8?zzhed
东丰综合,http://stream3.jlntv.cn:80/aac_dfgb/playlist.m3u8
东莞新闻综合,https://stream.sun0769.com/dgrtv1/mp4tv1_800/index.m3u8
东莞生活资讯,https://stream.sun0769.com/dgrtv1/mp4tv2_800/index.m3u8
中华特产,http://120.76.248.139/live/bfgd/4200000158.m3u8
中国蓝新闻,https://ali-m-l.cztv.com/channels/lantian/channel009/1080p.m3u8
临夏州综合,http://play.kankanlive.com/live/1714096320293954.m3u8
临颍综合,http://live.dxhmt.cn:9081/tv/11122-1.m3u8
义马新闻综合,http://tvpull.dxhmt.cn:9081/tv/11281-1.m3u8
之江纪录,https://ali-m-l.cztv.com/channels/lantian/channel012/1080p.m3u8
乐至综合,http://175.155.106.72:89/live1/live1.m3u8
九台综合,http://stream10.jlntv.cn/jiutaitv/sd/live.m3u8
云南娱乐,https://hwapi.yntv.net/62hdvf/q9vs1b.m3u8
云南都市,https://hwapi.yntv.net/62hdvf/rjwt14.m3u8
云和新闻综合,http://l.cztvcloud.com/channels/lantian/SXyunhe1/720p.m3u8
云霄综合,https://live.zzyxxw.com:2443/live/xwzh.m3u8
井研综合,http://tvfile.jyrmt.cn/nmip-media/channellive/channel104452/playlist.m3u8
亳州农村,http://zbbf2.ahbztv.com/live/418.m3u8
什邡新闻,http://live.sfrmt.com:85/live/zhpd.m3u8?zsicd
仁寿综合,https://play.scrstv.com.cn/DT/live.m3u8?auth_key=60001724663204-0-0-c1cc4ded9841ac34f63cdbd3aec647ef
任丘综合,https://jwcdnqx.hebyun.com.cn/live/rqtv1/1500k/tzwj_video.m3u8
伊犁哈萨克,http://110.153.180.106:55555/out_3/index.m3u8
伊犁汉语综合,http://110.153.180.106:55555/out_1/index.m3u8
伊犁经济法制,http://110.153.180.106:55555/out_4/index.m3u8
伊犁维吾尔,http://110.153.180.106:55555/out_2/index.m3u8
优优宝贝,http://120.76.248.139/live/bfgd/4200000153.m3u8
余姚姚江文化,https://l.cztvcloud.com/channels/lantian/SXyuyao2/720p.m3u8
余姚新闻综合,http://l.cztvcloud.com/channels/lantian/SXyuyao1/720p.m3u8?cWlkPSZzPTg3OWMwYmMyZDMzYTFhZGY3NDQxMjgyYTg1MmUzNTY0JmVzPTE3MDY2Nzc4NzMmdXVpZD0yMjdiY2MzNGNiNGY0MThlYjRiY2IxYzcwNmZjODNkMS02NzQ3NDY2NyZ2PTImYXM9MCZjZG5leF9pZD10eF9waG9uZV9saXZl
余姚综合,http://l.cztvcloud.com/channels/lantian/SXyuyao1/720p.m3u8
余杭未来E,http://l.cztvcloud.com/channels/lantian/SXyuhang3/720p.m3u8
余杭综合,http://l.cztvcloud.com/channels/lantian/SXyuhang1/720p.m3u8
偃师新闻,http://live.dxhmt.cn:9081/tv/10381-1.m3u8
光山综合,http://live.dxhmt.cn:9081/tv/11522-1.m3u8
六安公共,http://ls.qingting.fm/live/1794199.m3u8
六安新闻综合,http://ls.qingting.fm/live/267.m3u8
兰溪新闻综合,http://l.cztvcloud.com/channels/lantian/SXlanxi1/720p.m3u8
兰考新闻,http://live.dxhmt.cn:9081/tv/10225-1.m3u8
兴隆综合,https://jwcdnqx.hebyun.com.cn/live/xlzh/1500k/tzwj_video.m3u8
兵团五师双河新闻综合,http://liveout.btzx.com.cn/62ds9e/4nxdih.m3u8?fbl=
兵团八师石河子新闻综合,http://124.88.144.73:1935/live/xwzh/playlist.m3u8?zxinjd
内乡综合,http://tvpull.dxhmt.cn:9081/tv/11325-1.m3u8?%E5%85%B3%E6%B3%A8%E5%BE%AE%E4%BF%A1%E5%85%AC%E4%BC%97%E5%8F%B7[%E6%99%B4%E5%9B%AD]
内蒙经济,https://ls.qingting.fm/live/1885/64k.m3u8
内黄综合,http://live.dxhmt.cn:9081/tv/10527-1.m3u8
剑阁综合,https://m3u8.channel.dzsm.com/nmip-media/channellive/channel105549/playlist.m3u8
北京新闻,https://satellitepull.cnr.cn/live/wxbjxwgb/playlist.m3u8
北京生活,https://wstvcpudali.v.myalicdn.com/wstvcpud/udrmbtv7_1/index.m3u8?adapt=0&BR=audio
北京科教,http://player.cntv.cn/standard/live_HLSDRM20180606.swf?ChannelID=btv3&P2PChannelID=pd://cctv_p2p_hdbtv3
北京青年,http://player.cntv.cn/standard/live_HLSDRM20180919.swf?v=180.171.5.8.9.6.3.9&ChannelID=btv8&videoTVChannel=btv8&P2PChannelID=pd://cctv_p2p_hdbtv8&tai=btv8&VideoName=btv8&channelID=btv8
北海新闻综合,https://live.gxrb.com.cn/gx/beihai/index.m3u8
南京十八,https://mgtv.ottiptv.cc/migu/838151753.m3u8?migutoken=e1c3c9e2e67541d90ea94c4c917f96ecf43c6c0ae7c616929d8676e7c14bc5587ba870ce22575333640bfff61b05d4d468f6564c6251023f1ad20957cfe3b2c12e71b4662f83dce5d920a86c29
南京教科,http://nklive.nbs.cn/hls/75b3c462-b831-4de7-a34b-5d3221db2069/index.m3u8
南京新闻综合,http://nklive.nbs.cn/hls/d511bc9d-a694-4453-b3a2-4fc842cc97a1/index.m3u8
南国都市,http://tencentplay.gztv.com/live/nanguodushi.m3u8?txSecret=140110ae3d6c936a77f94c4f4d85b0d3&txTime=18d57929bd4
南宁都市生活,http://615bbf179ba53515dccad7b1da5d1ad9.livehwc3.cn/hls.nntv.cn/nnlive/WLSH_24.m3u8?sub_m3u8=true&edge_slice=true&user_session_id=2598844eaee8a4265e706fc14b3fc11d
南通新闻综合,https://mgtv.ottiptv.cc/migu/955227985.m3u8?migutoken=03e9c85f19b5ac291f5863436507873a8f47ec3c677c7857c89bda5778edc8e38fc38b4270aa374c49eee39b39ffaf80a20b750130c27760df766c0cf7b5d437be8dc60c1ced9117d98f6c9b3e
卫辉综合,http://live.dxhmt.cn:9081/tv/10781-1.m3u8
双辽综合,http://stream3.jlntv.cn:80/aac_slgb/playlist.m3u8
叙州新闻综合,http://pili-live-hls.ybcxjd.com/jdh-live/2108111201035597.m3u8?zsicd
叙永综合,https://m3u8channel-bx.yunxya.com/nmip-media/channellive/channel104666/playlist.m3u8
古县综合,https://l2fpdktp.live.sxmty.com/live/hls/e4c3b363cc4549788e2d983f403e07db/d99ce1eb686e41b9afc888110bd95aa7.m3u8?zshanxd
句容党建,http://43.251.226.89:8080/play/533.m3u8
句容影院,http://jrlive.jrntv.com/live/_definst_/yingshis/chunklist_w1994429382.m3u8?zjiangsd
句容新闻综合,http://jrlive.jrntv.com/live/_definst_/jrxwzhs/playlist.m3u8
农林卫视,http://120.76.248.139/live/bfgd/4200000122.m3u8
农林卫视,http://8.138.7.223/【公众号：榴芒电视】/农林卫视.m3u8
农林卫视,http://124.116.183.146:9901/tsfile/live/1004_1.m3u8
农林卫视,http://124.116.183.146:9901/tsfile/live/1004_1.m3u8?key=txiptv&playlive=1&authid=0
厦门卫视,http://38.75.136.137:98/gslb/dsdqpub/xmws.m3u8?auth=testpub
延边卫视,http://120.76.248.139/live/bfgd/4200000117.m3u8
延边卫视,https://srs.iyb983.cn/video/CYS/index.m3u8
山东教育,https://test1.live.sdetv.com.cn/live/dianshizhibo/playlist.m3u8
句容生活,http://jrlive.jrntv.com/live/_definst_/shenghuos/playlist.m3u8?%E5%85%B3%E6%B3%A8%E5%BE%AE%E4%BF%A1%E5%85%AC%E4%BC%97%E5%8F%B7[%E6%99%B4%E5%9B%AD]
可克达拉综合,http://file.loulannews.cn/nmip-media/channellive/channel103824/playlist.m3u8
叶县,http://tvpull.dxhmt.cn:9081/tv/10422-1.m3u8
合肥新闻,http://112.27.235.94:8000/hls/18/index.m3u8
吉林乡村,https://satellitepull.cnr.cn/live/wxjlxcgb/playlist.m3u8
吴忠公共,http://live.kanwz.net/ggpd/sd/live.m3u8
吴忠综合,http://live.kanwz.net/zhpd/sd/live.m3u8
周口扶沟,http://live.dxhmt.cn:9081/tv/11621-1.m3u8
哈密一套,https://tvpull.hmgbtv.com/hmtv/channel9cd66b3d5d258b2b.flv
哈密三套,https://tvpull.hmgbtv.com/hmtv/channelfb0e5c505477aa44/playlist.m3u8
哈密二套,https://tvpull.hmgbtv.com/hmtv/channel108259412c6a6711/playlist.m3u8
哈尔滨娱乐,https://stream.hrbtv.net/ylpd/sd/live.m3u8
哈尔滨新闻综合,http://stream.hrbtv.net/xwzh/sd/live.m3u8
哈尔滨生活,https://stream.hrbtv.net/shpd/sd/live.m3u8
哈尔滨资讯,http://stream.hrbtv.net/zxpd/sd/live.m3u8
哈尔滨都市咨询,http://stream.hrbtv.net/zxpd/sd/live.m3u8?zheild
唐河一套,http://tvpull.dxhmt.cn:9081/tv/11328-1.m3u8
嘉兴新闻综合,http://tvfile.jyrmt.cn:80/nmip-media/channellive/channel104452/playlist.m3u8
嘉峪关综合,http://play.kankanlive.com/live/1720583434627241.m3u8
四海钓鱼,http://120.76.248.139/live/bfgd/4200000229.m3u8
固始综合,http://live.dxhmt.cn:9081/tv/11525-1.m3u8
固镇新闻,http://www.guzhenm.com:7001/hls/hd-live.m3u8
大宁综合,http://live.daningtv.com/aac_dngb/playlist.m3u8
天祝综合,https://play.kankanlive.com/live/1656487214793905.m3u8
太谷新闻综合,http://p2.vzan.com/slowlive/596867413819827251/live.m3u8
夹江新闻综合,http://tvfile.jjrm.org.cn/nmip-media/channellive/channel106282/playlist.m3u8?zsicd
奎屯哈萨克语,http://218.84.12.186:8002/hls/main/playlist.m3u8
宁夏经济,https://ls.qingting.fm/live/1841/64k.m3u8
安徽国际,https://www.ahtv.cn/folder9000/folder20193?channelIndex=6
安徽导视,http://dspdhls.appcoo.com:8888/live/dspd/index.m3u8
安徽综艺体育,http://112.27.235.94:8000/hls/25/index.m3u8
安顺新闻,http://hplayer1.juyun.tv/camera/154379194.m3u8
定襄综合,http://lbyzztfe.live.sxmty.com/live/hls/645ff4c60e0a49f0a203abbd73dd8be9/0720e665f10f48e98c9639f4f492fb4a-1.m3u8?zshanxd
宜兴新闻,http://yixing-tv-ori-hls.jstv.com/yixing-tv-ori/yixing_xw.m3u8
宜兴紫砂,http://3gvod.zjgonline.com.cn:1935/live/_definst_/xinwenzonghe_app/chunklist.m3u8
宜阳综合,http://live.dxhmt.cn:9081/tv/10327-1.m3u8
宝丰综合,http://live.dxhmt.cn:9081/tv/10421-1.m3u8
宾阳综合,http://pulls.myun.tv/live/0dkp33j5.m3u8
屏边综合,http://live.ynurl.com/video/s10040-pbzh/index.m3u8?zyund
山东农科,http://58.57.40.22:9901/tsfile/live/1022_1.m3u8
山东文旅,http://58.57.40.22:9901/tsfile/live/1023_1.m3u8
山东生活,http://58.57.40.22:9901/tsfile/live/1018_1.m3u8
山东综艺,http://58.57.40.22:9901/tsfile/live/1021_1.m3u8
峨山电视,http://live.ynurl.com/video/s10034-ESTV/index.m3u8?zyund
嵊州新闻综合,http://l.cztvcloud.com/channels/lantian/SXshengzhou1/720p.m3u8
嵊泗综合,http://l.cztvcloud.com/channels/lantian/SXshengsi1/720p.m3u8
嵩县综合新闻,http://tvpull.dxhmt.cn:9081/tv/10325-1.m3u8?zhendhttp://wshls.live.migucloud.com/live/MZCYG799_C0/playlist.m3u8?zhend
巩义新闻综合,http://tvpull.dxhmt.cn:9081/tv/10181-1.m3u8
常熟民生,http://3gvod.zjgonline.com.cn:1935/live/_definst_/shehuishenghuo_app/chunklist.m3u8
平泉综合,https://jwcdnqx.hebyun.com.cn/live/pqzh/1500k/tzwj_video.m3u8
平湖新闻综合,http://l.cztvcloud.com/channels/lantian/SXpinghu1/720p.m3u8
平湖民生休闲,http://l.cztvcloud.com/channels/lantian/SXpinghu2/720p.m3u8
广东经济科教,http://119.32.12.17:2901/udp/224.1.100.6:11111
广元公共,https://m3u8.channel.dzsm.com/nmip-media/channellive/channel101257/playlist.m3u8
广元综合,https://m3u8.channel.dzsm.com/nmip-media/channellive/channel100999/playlist.m3u8
广安公共,http://live1.gatv.com.cn:85/live/GGPD.m3u8
广州新闻,http://tencentplay.gztv.com/live/xinwen.m3u8?txSecret=d2c2db0b598c02ec1b5623728434d367&txTime=18d57929bd3
东方卫视4K,https://bp-resource-dfl.bestv.cn/148/3/video.m3u8
东森亚洲卫视,https://p2hs.vzan.com/slowlive/821481626725612419/live.m3u8
东森亚洲卫视,https://pull-hsbj.vzan.com/v/slowlive_821481626725612419.flv
北京卫视4K超,http://183.215.134.239:19901/tsfile/live/0122_1.m3u8?key=txiptv&playlive=1&authid=0
苏州4K,https://tylive.kan0512.com/norecord/csztv4k_4k.m3u8
科幻电影,https://yylunbo.ottiptv.cc/yy/1354930209
科幻电影,https://yylunbo.ottiptv.cc/yy/1355065896
凤凰电影,http://iot-mqqt.111yao.cn:8080/live/diyp_fhdy.m3u8
龙华电影,https://cdn8.163189.xyz/live/lhdy/stream.m3u8
AMC电影,http://61.221.215.25:8800/hls/43/index.m3u8
1930年代经典电影,https://yylunbo.ottiptv.cc/yy/1356363815
CHC电影,http://183.237.95.108:9901/tsfile/live/1008_1.m3u8?key=txiptv&playlive=0&authid=0
YY果国际电影频道,https://yylunbo.ottiptv.cc/yy/1382627144
东阳影视生活,http://l.cztvcloud.com/channels/lantian/SXdongyang1/720p.m3u8
人在囧途,https://vip.ffzy-play.com/20221018/1953_2d6ba500/index.m3u8
人在囧途之泰囧,https://vip.ffzy-play.com/20221018/1951_47e1adc8/index.m3u8
人在囧途之港囧,https://vip.ffzy-play7.com/20230112/11082_fde1a94d/index.m3u8
倩女幽魂人间道,http://jsmov2.a.yximgs.com/bs3/video-hls/5250634317044855747_hlsb.m3u8
倩女幽魂妖魔道,http://jsmov2.a.yximgs.com/bs3/video-hls/5232901391302199073_hlsb.m3u8
倩女幽魂道道道,http://jsmov2.a.yximgs.com/bs3/video-hls/5216294367991385255_hlsb.m3u8
冰冰影剧,http://www.douzhicloud.site:35455/douyu/74374
刀刀影院,http://www.douzhicloud.site:35455/douyu/747764
刑事侦缉档案,http://www.douzhicloud.site:35455/huya/29465856
刘德华电影,http://www.douzhicloud.site:35455/huya/11342424
功夫电影,http://www.douzhicloud.site:35455/huya/11352941
华语影视,http://www.douzhicloud.site:35455/douyu/3928
古天乐电影,http://www.douzhicloud.site:35455/huya/29982675
古装武侠,http://www.douzhicloud.site:35455/douyu/2793084
史诗级科幻电影阿凡达,https://yylunbo.ottiptv.cc/yy/1382735577
周星驰搞笑电影,https://yylunbo.ottiptv.cc/yy/38670875
哈尔滨影视,https://stream.hrbtv.net/yspd/sd/live.m3u8
哈尔滨影视,https://stream.hrbtv.net/yspd/playlist.m3u8
哈尔滨影视,http://stream.hrbtv.net/yspd/sd/live.m3u8
哈尔滨影视,http://111.43.126.240:9003/hls/5/index.m3u8
哈尔滨影视,http://stream.hrbtv.net/yspd/sd/live.m3u8?zheild#http://stream.hrbtv.net/yspd/sd/live.m3u8
国产动作电影,https://yylunbo.ottiptv.cc/yy/1382736858
国产大片电影,https://yylunbo.ottiptv.cc/yy/1354926655
国产电影就是闹着玩的,https://yylunbo.ottiptv.cc/yy/1354931503
国内玄幻电影林正英,https://yylunbo.ottiptv.cc/yy/1354932444
国内经典动作电影,https://yylunbo.ottiptv.cc/yy/1382851522
夏洛特烦恼国内电影喜剧,https://yylunbo.ottiptv.cc/yy/1354936201
大江大河2高分影视推荐,https://yylunbo.ottiptv.cc/yy/1382736797
大进军全集红色系列电影,https://yylunbo.ottiptv.cc/yy/1382745083
天龙八部,http://www.douzhicloud.site:35455/yy/1351814644
广西国际,https://hlscdn.liangtv.cn/live/0234c48e0bc24fe1b41b9999a253e581/1075ee38e04f490690f6a36a16e09c79.m3u8
广西新闻,https://tv.gxtv.cn/channel/channelivePlay_9dfd8600075811e9ba67e41f13b60c62.html
庆元综合,http://l.cztvcloud.com/channels/lantian/SXqingyuan1/720p.m3u8
延边2,http://stream5.jlntv.cn/wq/playlist.m3u8
开化国家公园,http://l.cztvcloud.com/channels/lantian/SXkaihua2/720p.m3u8
开化新闻综合,http://l.cztvcloud.com/channels/lantian/SXkaihua1/720p.m3u8?zzhed
开封文化旅游,http://live.dxhmt.cn:9081/tv/10200-3.m3u8
开封新闻综合,http://tvpull.dxhmt.cn:9081/tv/10200-2.m3u8?zhend
开远综合,http://live.ynurl.com/video/s10044-KYTV/index.m3u8
德惠综合,http://stream11.jlntv.cn/dehuitv/sd/live.m3u8
成县综合,https://play.kankanlive.com/live/1702454377323961.m3u8
扶沟综合,http://tvpull.dxhmt.cn:9081/tv/11621-1.m3u8
敦化一套,http://stream8.jlntv.cn/dhtv/playlist.m3u8
数码时代,http://ali-m-l.cztv.com/channels/lantian/channel12/720p.m3u8?zzhed
文山州公共,http://m3u8.channel.wsrtv.com.cn/cms/videos/nmip-media/channellive/channel8/playlist.m3u8
文山州新闻综合,http://m3u8.channel.wsrtv.com.cn/cms/videos/nmip-media/channellive/channel7/playlist.m3u8?zyund
文成新闻综合,http://l.cztvcloud.com/channels/lantian/SXwencheng1/720p.m3u8
文成综合,http://l.cztvcloud.com/channels/lantian/SXwencheng1/720p.m3u8?zzhed
新乡县电视台,http://tvpull.dxhmt.cn:9081/tv/10721-1.m3u8?%E5%85%B3%E6%B3%A8%E5%BE%AE%E4%BF%A1%E5%85%AC%E4%BC%97%E5%8F%B7[%E6%99%B4%E5%9B%AD]
新县综合,http://live.dxhmt.cn:9081/tv/11523-1.m3u8
新安新闻综合,http://live.dxhmt.cn:9081/tv/10323-1.m3u8
新昌新闻综合,https://l.cztvcloud.com/channels/lantian/SXxinchang1/720p.m3u8
新昌生活,http://l.cztvcloud.com/channels/lantian/SXxinchang2/720p.m3u8
新沂新闻,http://live.xysrmt.cn/xwzh/sd/live.m3u8?zjiangsd"
新沂生活,http://live.xysrmt.cn/shpd/sd/live.m3u8?zjiangsd
新蔡综合,http://live.dxhmt.cn:9081/tv/11729-1.m3u8
新野综合,http://tvpull.dxhmt.cn:9081/tv/11329-1.m3u8
新闻综合,https://m3u8channel.yunxya.com/nmip-media/channellive/channel100028/playlist.m3u8
方城一套,http://tvpull.dxhmt.cn:9081/tv/11322-1.m3u8
施甸综合,http://live.ynurl.com/video/s10048TV/index.m3u8?zyund
无锡娱乐,https://stream.thmz.com/wxtv2/playlist.m3u8
无锡新闻综合,http://stream.thmz.com/wxtv1/playlist.m3u8
无锡生活,https://stream.thmz.com/wxtv4/playlist.m3u8
无锡经济,https://stream.thmz.com/wxtv5/playlist.m3u8
无锡都市资讯,http://stream.thmz.com/wxtv3/playlist.m3u8
旺苍新闻综合,http://channel.wcrmt.cn:80/nmip-media/channellive/channel105268/playlist.m3u8
昌黎综合,https://jwcdnqx.hebyun.com.cn/live/clzhpd/1500k/tzwj_video.m3u8
易门综合,https://zb-live.ynurl.com/yimen/3b75a2f9-7941-46b7-992d-a9796fbca5fe.m3u8
普陀新闻综合,http://l.cztvcloud.com/channels/lantian/SXputuo1/720p.m3u8
普陀电视台,https://l.cztvcloud.com/channels/lantian/SXputuo1/720p.m3u8
景泰综合,https://play.kankanlive.com/live/1624439143745981.m3u8?zgand
朝天综合,https://m3u8.channel.dzsm.com/nmip-media/channellive/channel104601/playlist.m3u8
朝阳新闻综合,http://120.76.248.139/live/bfgd/4200000282.m3u8
来宾综合,http://zb.gxlbamc.com:1935/live/lbzh.stream/playlist.m3u8
松潘新闻综合,http://live.spccmc.com:90/live/spxwzh.m3u8
松阳综合,http://l.cztvcloud.com/channels/lantian/SXsongyang1/720p.m3u8
柳河综合,http://stream3.jlntv.cn:80/aac_lhgb/sd/live.m3u8
桦甸综合,http://stream9.jlntv.cn:80/aac_huadiangb/playlist.m3u8
梅河口综合,http://stream3.jlntv.cn:80/aac_mhkgb/playlist.m3u8
奇幻冒险电影凯斯宾王子的魔法征途,https://yylunbo.ottiptv.cc/yy/1354926671
妙手仁心,http://www.douzhicloud.site:35455/huya/29465853
安徽影视,http://112.27.235.94:8000/hls/24/index.m3u8
安徽影视,https://www.ahtv.cn/folder9000/folder20193?channelIndex=3
寒战,https://vip.ffzy-play6.com/20221019/157_bf0740ee/index.m3u8
封神榜,http://www.douzhicloud.site:35455/huya/29465849
梨园,https://dxtx.hntv.tv/live/lypd.m3u8?txSecret=10c771842a0be59e8b575d765173ec96&txTime=7B923E0A&wsSecret=41543190cdf375f1c73207222bb96542&wsTime=1769313549
射雕英雄传,http://www.douzhicloud.site:35455/huya/23824164
武义新闻综合,http://l.cztvcloud.com/channels/lantian/SXwuyi1/720p.m3u8
岳云鹏宋小宝也来演电影了,https://yylunbo.ottiptv.cc/yy/1354926612
武乡新闻综合,http://uzoiczhh.live.sxmty.com/live/hls/0d41f1480c4042d49927858f01fde707/53130407737b417b9a6259b57246bae3.m3u8?zshanxd
广东影视,http://119.32.12.17:2901/udp/224.1.100.11:11111
武威新闻,https://play.kankanlive.com/live/1693539781636986.m3u8
影视小艺,https://yylunbo.ottiptv.cc/yy/1382737886
武汉一台新闻综合,https://ls.qingting.fm/live/20198/64k.m3u8
怪兽电影,http://www.douzhicloud.site:35455/huya/21059577
武清综合,https://tvpull.smartwq.cn/wqlive/convergencemedia/playlist.m3u8?ztianjd
怪医文三块影视剧,https://yylunbo.ottiptv.cc/yy/1354936154
武进新闻,https://live.wjyanghu.com/live/CH1.m3u8
恐怖电影,https://yylunbo.ottiptv.cc/yy/24066336
武进生活,http://live.wjyanghu.com/live/CH2.m3u8
悬疑武侠电影九门,https://yylunbo.ottiptv.cc/yy/1382828768
永嘉新闻综合,http://l.cztvcloud.com/channels/lantian/SXyongjia1/720p.m3u8
成龙电影,http://www.douzhicloud.site:35455/huya/11342386
永城综合,http://tvpull.dxhmt.cn:9081/tv/11481-1.m3u8
我不是药神,https://vip.ffzy-play1.com/20221018/478_c3afed66/index.m3u8
永昌综合,http://play.kankanlive.com/live/1720408280309109.m3u8
战争电影,http://www.douzhicloud.site:35455/huya/21059574
江夏新闻综合,http://59.175.226.142:280/gb28181/xwzh.m3u8?zhubd
扫黄先锋,http://www.douzhicloud.site:35455/huya/29465855
江川综合,http://live.ynurl.com/video/s10037-JCTV/index.m3u8?zyund
拆弹专家1,https://vip.ffzy-online.com/20221015/719_80ff87c2/index.m3u8
江苏城市,http://gslbmgsplive.miguvideo.com/wd_r2/jstv/jschengshi/600/index.m3u8?msisdn=202509030900312c5ad926e30449e5b9405f27a3fde9a6&mdspid=&spid=699067&netType=0&sid=5500260508&pid=2028597139&timestamp=20250903090031&Channel_ID=0116_2600037000-99000-200300220100002&ProgramID=626064714&ParentNodeID=-99&assertID=5500260508&client_ip=106.13.250.83&SecurityKey=20250903090031&promotionId=&mvid=5100186409&mcid=500020&playurlVersion=WX-A1-8.8.1-RELEASE&userid=&jmhm=&videocodec=h264&bean=mgspad&tid=android&conFee=0&puData=3712225a575d903704881b6443f50a06&ddCalcu=6307va1a02x52af2354a4567b51d89804307&sv=10004&ct=android
拆弹专家2,https://vip.ffzy-online.com/20221015/722_e32c42bc/index.m3u8
江苏教育,http://gslbmgsplive.miguvideo.com/wd_r2/jstv/jsjiaoyu/600/index.m3u8?msisdn=20250903090031d7e536b9e78c4a42b0841922e44a4a36&mdspid=&spid=699067&netType=0&sid=5500287493&pid=2028597139&timestamp=20250903090031&Channel_ID=0116_2600037000-99000-200300220100002&ProgramID=628008321&ParentNodeID=-99&assertID=5500287493&client_ip=106.13.250.83&SecurityKey=20250903090031&promotionId=&mvid=5101012819&mcid=500020&playurlVersion=WX-A1-8.8.1-RELEASE&userid=&jmhm=&videocodec=h264&bean=mgspad&tid=android&conFee=0&puData=d3e3bd992ebf554d360ba9b83b9b179d&ddCalcu=dd93v7ea13bbba9db93982be9bafb505643d&sv=10004&ct=android
斗鱼港剧,http://www.douzhicloud.site:35455/douyu/5061550
汪清综合,http://stream5.jlntv.cn/wq/sd/live.m3u8
无心法师,http://www.douzhicloud.site:35455/huya/30080233
汶川新闻综合,http://live.iwcmt.cn:90/live/zhxw.m3u8
晨晨的影视小窝,https://yylunbo.ottiptv.cc/yy/1382851576
汾西综合,https://qmmqvzoz.live.sxmty.com/live/hls/f24f8a390c084386a564074c9260100c/be3fdf07606145739ab2c4b80fe0136a.m3u8?zshanxd
末日电影合集,http://www.douzhicloud.site:35455/yy/1354889019
沁阳新闻综合,http://live.dxhmt.cn:9081/tv/10882-1.m3u8
末日系列外国电影合集,https://yylunbo.ottiptv.cc/yy/1354889019
沐川综合,http://file.ysxtv.cn/cms/videos/nmip-media/channellive/channel4/playlist.m3u8?zsicd
林正英电影,http://www.douzhicloud.site:35455/huya/11342421
沭阳综合,https://shuyang-tv-hls.cm.jstv.com:443/shuyang-tv/shuyangzh.m3u8
林正英经典电影,https://yylunbo.ottiptv.cc/yy/34229877
河北农民,https://ls.qingting.fm/live/1650/64k.m3u8
梅艳芳主演喜剧电影,https://yylunbo.ottiptv.cc/yy/1382735627
河北都市,https://radio.pull.hebtv.com/live/hebnczx.m3u8
楚汉骄雄,http://www.douzhicloud.site:35455/huya/29465854
河源公共,http://tmpstream.hyrtv.cn/hygg/sd/live.m3u8
橙记港剧,http://www.douzhicloud.site:35455/douyu/4549169
河源综合,http://tmpstream.hyrtv.cn/xwzh/sd/live.m3u8
欧美配音电影,https://yylunbo.ottiptv.cc/yy/1354693629
泌阳新闻综合,http://live.dxhmt.cn:9081/tv/11726-1.m3u8
武侠电影,http://www.douzhicloud.site:35455/huya/11342427
泗洪新闻综合,http://live1.habctv.com/ggpdsl/sd/live.m3u8?zjiangsd#http://live1.habctv.com/ggpdsl/sd/live.m3u8
江苏影视,http://gslbmgsplive.miguvideo.com/wd_r2/jstv/jsyingshi/600/index.m3u8?msisdn=2025090309003105f41cc73cf04c92833c2265c0140111&mdspid=&spid=699067&netType=0&sid=5500260517&pid=2028597139&timestamp=20250903090031&Channel_ID=0116_2600037000-99000-200300220100002&ProgramID=626064697&ParentNodeID=-99&assertID=5500260517&client_ip=106.13.250.83&SecurityKey=20250903090031&promotionId=&mvid=5100186424&mcid=500020&playurlVersion=WX-A1-8.8.1-RELEASE&userid=&jmhm=&videocodec=h264&bean=mgspad&tid=android&conFee=0&puData=6814112e9248d0d7b2bc482bd82b9897&ddCalcu=7698v81a94wb1a2182deb9228448cdb02db7&sv=10004&ct=android
泗阳综合,http://3739115337.cloudvdn.com/a.m3u8?domain=siyang-tv-hls.cm.jstv.com&player=nwEAAKHdjSKP_58X&secondToken=secondToken%3A5FUijZmDyNMxtCDdne0YzSAwjuw&streamid=siyang-tv%3Asiyang-tv%2Fsiyangzh&v3=1
江苏影视,https://mgtv.ottiptv.cc/migu/626064697.m3u8?migutoken=6508bc5fae9f621ed6ec72d39eb7f60ab52c4b412a5ee7f5b612640ecccbde1f9584f0a97aebc090cb58f73e9e079ced87b059526a6614b5a9ad5a23ff4863d36adcc1ed699583e058fac3330e
泗阳资讯,http://43.251.226.89:8080/play/530.m3u8
江苏影视,http://gslbmgsplive.miguvideo.com/wd_r2/jstv/jsyingshi/600/index.m3u8?msisdn=20251023080142772bf60e882f42cebdb0f8be760fd6b7&mdspid=&spid=699067&netType=0&sid=5500260517&pid=2028597139&timestamp=20251023080142&Channel_ID=0116_2600000900-99000-201600010010027&ProgramID=626064697&ParentNodeID=-99&assertID=5500260517&client_ip=106.13.250.83&SecurityKey=20251023080142&promotionId=&mvid=5100186424&mcid=500020&playurlVersion=WX-A1-8.9.2-RELEASE&userid=&jmhm=&videocodec=h264&bean=mgspad&tid=android&conFee=0&puData=08704ae8cfefd451664dee9c23c79ed1&ddCalcu=10d8ee72906740ca3e28cc9feeefdd446561
泸县新闻综合,http://lxfile.lxxcb.cn/nmip-media/channellive/channel103799/playlist.m3u8
沈腾电影,http://www.douzhicloud.site:35455/huya/11601968
洞头综合,http://l.cztvcloud.com/channels/lantian/SXdongtou1/720p.m3u8
法政先锋,http://www.douzhicloud.site:35455/huya/23863804
津南一套,http://play.jinnantv.top/live/JNTV1.m3u8?ztianjd
洗冤录,http://www.douzhicloud.site:35455/huya/29465851
济源电视一套,http://tvpull.dxhmt.cn:9081/tv/19001-1.m3u8
活佛济公3,http://www.douzhicloud.site:35455/huya/23903123
浙江休闲台,http://ali-m-l.cztv.com/channels/lantian/channel006/720p.m3u8
浙江教科影视,https://ali-m-l.cztv.com/channels/lantian/channel004/1080p.m3u8
浙江公共新闻,https://ali-m-l.cztv.com/channels/lantian/channel007/1080p.m3u8
浙江教科影视,http://ali-xwl.cztv.com/live/channel041080Plxw.m3u8
浙江国际,https://ali-m-l.cztv.com/channels/lantian/channel010/1080p.m3u8
浙江教科影视,http://ali-m-l.cztv.com/channels/lantian/channel04/1080p.m3u8
浙江教科,http://ali-m-l.cztv.com/channels/lantian/channel004/1080p.m3u8
浙江教科影视,http://ali-vl.cztv.com/channels/lantian/channel004/360p.m3u8
浙江教育,http://ali-m-l.cztv.com/channels/lantian/channel04/720p.m3u8
浙江教科影视,http://ali-xwl.cztv.com/live/channel04720Plxw.m3u8
浙江数码时代,http://ali-m-l.cztv.com/channels/lantian/channel12/720p.m3u8
热血抗日电影,https://yylunbo.ottiptv.cc/yy/1382749907
浙江新闻,http://ali-xwl.cztv.com/live/channel071080Plxw.m3u8
热门港剧,http://www.douzhicloud.site:35455/douyu/5522351
浙江民生,http://ali-m-l.cztv.com/channels/lantian/channel06/1080p.m3u8
爆笑电影王牌大贱谍23,https://yylunbo.ottiptv.cc/yy/1382735556
浙江民生休闲,https://ali-m-l.cztv.com/channels/lantian/channel006/1080p.m3u8
狄仁杰电影,http://www.douzhicloud.site:35455/huya/30080229
浙江生活,http://ali-m-l.cztv.com/channels/lantian/channel003/1080p.m3u8
珍珠港电影,https://yylunbo.ottiptv.cc/yy/1354936234
浙江留学,http://ali-vl.cztv.com/channels/lantian/channel009/360p.m3u8
电影八点档,http://live.metshop.top/huya/880261?cdn=alicdn
浙江经济,http://ali-m-l.cztv.com/channels/lantian/channel03/720p.m3u8
电影功夫片,http://live.metshop.top/huya/11352941?cdn=alicdn
电影动作电影,http://live.metshop.top/huya/11602077?cdn=alicdn
电影嫣然影厅,http://live.metshop.top/huya/11601977?cdn=alicdn
电影搞笑喜剧,http://live.metshop.top/huya/11342423?cdn=alicdn
电影犯罪片,http://live.metshop.top/huya/11352974?cdn=alicdn
电影电影电影电影电影电影,https://yylunbo.ottiptv.cc/yy/1351496216
电影百团大战,https://yylunbo.ottiptv.cc/yy/1382736871
浙江经济生活,http://ali-xwl.cztv.com/live/channel031080Plxw.m3u8
电影蜘蛛侠,http://live.metshop.top/huya/21059599?cdn=alicdn
