Category: 📺央视频道, Name: CCTV-2, Total: 4, Valid: 4, Valid Percent: 100.00%, IPv4: 4, IPv6: 0, Min Delay: 372 ms, Max Speed: 8.30 M/s, Avg Speed: 2.24 M/s, Max Resolution: 1920x1080
Category: 📺央视频道, Name: CCTV-1, Total: 6, Valid: 4, Valid Percent: 66.67%, IPv4: 6, IPv6: 0, Min Delay: 874 ms, Max Speed: 5.48 M/s, Avg Speed: 1.43 M/s, Max Resolution: 1920x1080
Category: 📺央视频道, Name: CCTV-4, Total: 5, Valid: 5, Valid Percent: 100.00%, IPv4: 5, IPv6: 0, Min Delay: 7497 ms, Max Speed: 0.33 M/s, Avg Speed: 0.12 M/s, Max Resolution: 1920x1080
Category: 📺央视频道, Name: CCTV-3, Total: 6, Valid: 6, Valid Percent: 100.00%, IPv4: 6, IPv6: 0, Min Delay: 364 ms, Max Speed: 6.46 M/s, Avg Speed: 1.14 M/s, Max Resolution: 1920x1080
Category: 📺央视频道, Name: CCTV-5, Total: 6, Valid: 5, Valid Percent: 83.33%, IPv4: 6, IPv6: 0, Min Delay: 1662 ms, Max Speed: 1.82 M/s, Avg Speed: 0.50 M/s, Max Resolution: 1920x1080
Category: 📺央视频道, Name: CCTV-5+, Total: 5, Valid: 4, Valid Percent: 80.00%, IPv4: 5, IPv6: 0, Min Delay: 8342 ms, Max Speed: 0.25 M/s, Avg Speed: 0.15 M/s, Max Resolution: 1920x1080
Category: 📺央视频道, Name: CCTV-6, Total: 4, Valid: 4, Valid Percent: 100.00%, IPv4: 4, IPv6: 0, Min Delay: 459 ms, Max Speed: 0.32 M/s, Avg Speed: 0.11 M/s, Max Resolution: 1920x1080
Category: 📺央视频道, Name: CCTV-7, Total: 6, Valid: 5, Valid Percent: 83.33%, IPv4: 6, IPv6: 0, Min Delay: 355 ms, Max Speed: 8.04 M/s, Avg Speed: 1.76 M/s, Max Resolution: 1920x1080
Category: 📺央视频道, Name: CCTV-8, Total: 6, Valid: 4, Valid Percent: 66.67%, IPv4: 6, IPv6: 0, Min Delay: 965 ms, Max Speed: 0.36 M/s, Avg Speed: 0.14 M/s, Max Resolution: 1920x1080
Category: 📺央视频道, Name: CCTV-9, Total: 5, Valid: 4, Valid Percent: 80.00%, IPv4: 5, IPv6: 0, Min Delay: 1168 ms, Max Speed: 1.42 M/s, Avg Speed: 0.47 M/s, Max Resolution: 1920x1080
Category: 📺央视频道, Name: CCTV-11, Total: 6, Valid: 5, Valid Percent: 83.33%, IPv4: 6, IPv6: 0, Min Delay: 426 ms, Max Speed: 10.99 M/s, Avg Speed: 2.38 M/s, Max Resolution: 1920x1080
Category: 📺央视频道, Name: CCTV-10, Total: 7, Valid: 5, Valid Percent: 71.43%, IPv4: 7, IPv6: 0, Min Delay: 10188 ms, Max Speed: 0.48 M/s, Avg Speed: 0.13 M/s, Max Resolution: 1920x1080
Category: 📺央视频道, Name: CCTV-12, Total: 5, Valid: 5, Valid Percent: 100.00%, IPv4: 5, IPv6: 0, Min Delay: 489 ms, Max Speed: 10.97 M/s, Avg Speed: 2.25 M/s, Max Resolution: 1920x1080
Category: 📺央视频道, Name: CCTV-13, Total: 8, Valid: 5, Valid Percent: 62.50%, IPv4: 8, IPv6: 0, Min Delay: 1140 ms, Max Speed: 0.16 M/s, Avg Speed: 0.07 M/s, Max Resolution: 1920x1080
Category: 📺央视频道, Name: CCTV-14, Total: 4, Valid: 4, Valid Percent: 100.00%, IPv4: 4, IPv6: 0, Min Delay: 515 ms, Max Speed: 10.26 M/s, Avg Speed: 2.66 M/s, Max Resolution: 1920x1080
Category: 📺央视频道, Name: CETV-1, Total: 1, Valid: 0, Valid Percent: 0.00%, IPv4: 1, IPv6: 0, Min Delay: -1 ms, Max Speed: 0.00 M/s, Avg Speed: 0.00 M/s, Max Resolution: None
Category: 📺央视频道, Name: CETV-2, Total: 1, Valid: 0, Valid Percent: 0.00%, IPv4: 1, IPv6: 0, Min Delay: -1 ms, Max Speed: 0.00 M/s, Avg Speed: 0.00 M/s, Max Resolution: None
Category: 📺央视频道, Name: CETV-3, Total: 1, Valid: 0, Valid Percent: 0.00%, IPv4: 1, IPv6: 0, Min Delay: -1 ms, Max Speed: 0.00 M/s, Avg Speed: 0.00 M/s, Max Resolution: None
Category: 📺央视频道, Name: CETV-4, Total: 1, Valid: 0, Valid Percent: 0.00%, IPv4: 1, IPv6: 0, Min Delay: -1 ms, Max Speed: 0.00 M/s, Avg Speed: 0.00 M/s, Max Resolution: None
Category: 💰央视付费频道, Name: 文化精品, Total: 1, Valid: 1, Valid Percent: 100.00%, IPv4: 1, IPv6: 0, Min Delay: 398 ms, Max Speed: 11.08 M/s, Avg Speed: 11.08 M/s, Max Resolution: 1920x1080
Category: 💰央视付费频道, Name: 央视台球, Total: 1, Valid: 1, Valid Percent: 100.00%, IPv4: 1, IPv6: 0, Min Delay: 353 ms, Max Speed: 11.55 M/s, Avg Speed: 11.55 M/s, Max Resolution: 1920x1080
Category: 📺央视频道, Name: CCTV-15, Total: 7, Valid: 6, Valid Percent: 85.71%, IPv4: 7, IPv6: 0, Min Delay: 346 ms, Max Speed: 11.88 M/s, Avg Speed: 2.14 M/s, Max Resolution: 1920x1080
Category: 📺央视频道, Name: CCTV-16, Total: 5, Valid: 5, Valid Percent: 100.00%, IPv4: 5, IPv6: 0, Min Delay: 401 ms, Max Speed: 12.42 M/s, Avg Speed: 2.85 M/s, Max Resolution: 1920x1080
Category: 💰央视付费频道, Name: 高尔夫网球, Total: 1, Valid: 1, Valid Percent: 100.00%, IPv4: 1, IPv6: 0, Min Delay: 385 ms, Max Speed: 11.07 M/s, Avg Speed: 11.07 M/s, Max Resolution: 1920x1080
Category: 💰央视付费频道, Name: 电视指南, Total: 1, Valid: 1, Valid Percent: 100.00%, IPv4: 1, IPv6: 0, Min Delay: 377 ms, Max Speed: 10.65 M/s, Avg Speed: 10.65 M/s, Max Resolution: 1920x1080
Category: 💰央视付费频道, Name: 怀旧剧场, Total: 2, Valid: 2, Valid Percent: 100.00%, IPv4: 2, IPv6: 0, Min Delay: 382 ms, Max Speed: 11.15 M/s, Avg Speed: 5.67 M/s, Max Resolution: 1920x1080
Category: 💰央视付费频道, Name: 风云音乐, Total: 3, Valid: 3, Valid Percent: 100.00%, IPv4: 3, IPv6: 0, Min Delay: 290 ms, Max Speed: 6.73 M/s, Avg Speed: 2.33 M/s, Max Resolution: 1920x1080
Category: 💰央视付费频道, Name: 第一剧场, Total: 3, Valid: 3, Valid Percent: 100.00%, IPv4: 3, IPv6: 0, Min Delay: 353 ms, Max Speed: 12.66 M/s, Avg Speed: 4.28 M/s, Max Resolution: 1920x1080
Category: 💰央视付费频道, Name: 女性时尚, Total: 2, Valid: 2, Valid Percent: 100.00%, IPv4: 2, IPv6: 0, Min Delay: 399 ms, Max Speed: 11.88 M/s, Avg Speed: 6.18 M/s, Max Resolution: 1920x1080
Category: 📺央视频道, Name: CCTV-17, Total: 5, Valid: 3, Valid Percent: 60.00%, IPv4: 5, IPv6: 0, Min Delay: 235 ms, Max Speed: 0.17 M/s, Avg Speed: 0.08 M/s, Max Resolution: 1920x1080
Category: 💰央视付费频道, Name: 风云剧场, Total: 2, Valid: 2, Valid Percent: 100.00%, IPv4: 2, IPv6: 0, Min Delay: 367 ms, Max Speed: 12.14 M/s, Avg Speed: 6.14 M/s, Max Resolution: 1920x1080
Category: 💰央视付费频道, Name: 风云足球, Total: 2, Valid: 2, Valid Percent: 100.00%, IPv4: 2, IPv6: 0, Min Delay: 300 ms, Max Speed: 7.08 M/s, Avg Speed: 3.72 M/s, Max Resolution: 1920x1080
Category: 💰央视付费频道, Name: 世界地理, Total: 2, Valid: 2, Valid Percent: 100.00%, IPv4: 2, IPv6: 0, Min Delay: 373 ms, Max Speed: 10.58 M/s, Avg Speed: 5.32 M/s, Max Resolution: 1920x1080
Category: 💰央视付费频道, Name: 兵器科技, Total: 2, Valid: 2, Valid Percent: 100.00%, IPv4: 2, IPv6: 0, Min Delay: 312 ms, Max Speed: 7.22 M/s, Avg Speed: 3.69 M/s, Max Resolution: 1920x1080
Category: 📡卫视频道, Name: 广东卫视, Total: 6, Valid: 4, Valid Percent: 66.67%, IPv4: 6, IPv6: 0, Min Delay: 367 ms, Max Speed: 7.82 M/s, Avg Speed: 2.21 M/s, Max Resolution: 1920x1080
Category: 📡卫视频道, Name: 湖南卫视, Total: 4, Valid: 4, Valid Percent: 100.00%, IPv4: 4, IPv6: 0, Min Delay: 141 ms, Max Speed: 12.90 M/s, Avg Speed: 4.52 M/s, Max Resolution: 3840x2160
Category: 📡卫视频道, Name: 浙江卫视, Total: 7, Valid: 7, Valid Percent: 100.00%, IPv4: 7, IPv6: 0, Min Delay: 336 ms, Max Speed: 10.10 M/s, Avg Speed: 2.85 M/s, Max Resolution: 1920x1080
Category: 📡卫视频道, Name: 北京卫视, Total: 6, Valid: 5, Valid Percent: 83.33%, IPv4: 6, IPv6: 0, Min Delay: 141 ms, Max Speed: 0.68 M/s, Avg Speed: 0.15 M/s, Max Resolution: 1920x1080
Category: 📡卫视频道, Name: 湖北卫视, Total: 5, Valid: 4, Valid Percent: 80.00%, IPv4: 5, IPv6: 0, Min Delay: 1117 ms, Max Speed: 2.22 M/s, Avg Speed: 0.66 M/s, Max Resolution: 1920x1080
Category: 📡卫视频道, Name: 黑龙江卫视, Total: 4, Valid: 4, Valid Percent: 100.00%, IPv4: 4, IPv6: 0, Min Delay: 2872 ms, Max Speed: 2.12 M/s, Avg Speed: 0.56 M/s, Max Resolution: 1920x1080
Category: 📡卫视频道, Name: 东方卫视, Total: 3, Valid: 3, Valid Percent: 100.00%, IPv4: 3, IPv6: 0, Min Delay: 594 ms, Max Speed: 8.56 M/s, Avg Speed: 3.68 M/s, Max Resolution: 1920x1080
Category: 📡卫视频道, Name: 安徽卫视, Total: 6, Valid: 6, Valid Percent: 100.00%, IPv4: 6, IPv6: 0, Min Delay: 2873 ms, Max Speed: 0.71 M/s, Avg Speed: 0.14 M/s, Max Resolution: 1920x1080
Category: 📡卫视频道, Name: 东南卫视, Total: 4, Valid: 3, Valid Percent: 75.00%, IPv4: 4, IPv6: 0, Min Delay: 137 ms, Max Speed: 1.32 M/s, Avg Speed: 0.48 M/s, Max Resolution: 1920x1080
Category: 📡卫视频道, Name: 重庆卫视, Total: 6, Valid: 5, Valid Percent: 83.33%, IPv4: 6, IPv6: 0, Min Delay: 1119 ms, Max Speed: 1.83 M/s, Avg Speed: 0.41 M/s, Max Resolution: 1920x1080
Category: 📡卫视频道, Name: 甘肃卫视, Total: 4, Valid: 3, Valid Percent: 75.00%, IPv4: 4, IPv6: 0, Min Delay: 10678 ms, Max Speed: 0.18 M/s, Avg Speed: 0.11 M/s, Max Resolution: 1920x1080
Category: 📡卫视频道, Name: 广西卫视, Total: 4, Valid: 3, Valid Percent: 75.00%, IPv4: 4, IPv6: 0, Min Delay: 343 ms, Max Speed: 6.97 M/s, Avg Speed: 2.93 M/s, Max Resolution: 1920x1080
Category: 📡卫视频道, Name: 海南卫视, Total: 3, Valid: 3, Valid Percent: 100.00%, IPv4: 3, IPv6: 0, Min Delay: 10130 ms, Max Speed: 0.34 M/s, Avg Speed: 0.15 M/s, Max Resolution: 1920x1080
Category: 📡卫视频道, Name: 贵州卫视, Total: 5, Valid: 4, Valid Percent: 80.00%, IPv4: 5, IPv6: 0, Min Delay: 369 ms, Max Speed: 6.94 M/s, Avg Speed: 1.93 M/s, Max Resolution: 1920x1080
Category: 📡卫视频道, Name: 河北卫视, Total: 5, Valid: 5, Valid Percent: 100.00%, IPv4: 5, IPv6: 0, Min Delay: 10291 ms, Max Speed: 0.12 M/s, Avg Speed: 0.07 M/s, Max Resolution: 1920x1080
Category: 📡卫视频道, Name: 河南卫视, Total: 5, Valid: 5, Valid Percent: 100.00%, IPv4: 5, IPv6: 0, Min Delay: 10272 ms, Max Speed: 0.09 M/s, Avg Speed: 0.04 M/s, Max Resolution: 1920x1080
Category: 📡卫视频道, Name: 吉林卫视, Total: 4, Valid: 4, Valid Percent: 100.00%, IPv4: 4, IPv6: 0, Min Delay: 10538 ms, Max Speed: 0.84 M/s, Avg Speed: 0.26 M/s, Max Resolution: 1920x1080
Category: 📡卫视频道, Name: 江苏卫视, Total: 6, Valid: 5, Valid Percent: 83.33%, IPv4: 6, IPv6: 0, Min Delay: 422 ms, Max Speed: 10.85 M/s, Avg Speed: 2.42 M/s, Max Resolution: 1920x1080
Category: 📡卫视频道, Name: 江西卫视, Total: 4, Valid: 4, Valid Percent: 100.00%, IPv4: 4, IPv6: 0, Min Delay: 1462 ms, Max Speed: 0.76 M/s, Avg Speed: 0.22 M/s, Max Resolution: 1920x1080
Category: 📡卫视频道, Name: 辽宁卫视, Total: 5, Valid: 4, Valid Percent: 80.00%, IPv4: 5, IPv6: 0, Min Delay: 10161 ms, Max Speed: 0.52 M/s, Avg Speed: 0.16 M/s, Max Resolution: 1920x1080
Category: 📡卫视频道, Name: 宁夏卫视, Total: 4, Valid: 4, Valid Percent: 100.00%, IPv4: 4, IPv6: 0, Min Delay: 3304 ms, Max Speed: 0.79 M/s, Avg Speed: 0.27 M/s, Max Resolution: 1920x1080
Category: 📡卫视频道, Name: 内蒙古卫视, Total: 5, Valid: 3, Valid Percent: 60.00%, IPv4: 5, IPv6: 0, Min Delay: 2903 ms, Max Speed: 1.07 M/s, Avg Speed: 0.39 M/s, Max Resolution: 1920x1080
Category: 📡卫视频道, Name: 青海卫视, Total: 3, Valid: 1, Valid Percent: 33.33%, IPv4: 3, IPv6: 0, Min Delay: 130 ms, Max Speed: 0.11 M/s, Avg Speed: 0.11 M/s, Max Resolution: 720x576
Category: 📡卫视频道, Name: 山东卫视, Total: 5, Valid: 5, Valid Percent: 100.00%, IPv4: 5, IPv6: 0, Min Delay: 10132 ms, Max Speed: 0.18 M/s, Avg Speed: 0.07 M/s, Max Resolution: 1920x1080
Category: 📡卫视频道, Name: 山西卫视, Total: 5, Valid: 4, Valid Percent: 80.00%, IPv4: 5, IPv6: 0, Min Delay: 1156 ms, Max Speed: 0.15 M/s, Avg Speed: 0.10 M/s, Max Resolution: 1920x1080
Category: 📡卫视频道, Name: 陕西卫视, Total: 6, Valid: 6, Valid Percent: 100.00%, IPv4: 6, IPv6: 0, Min Delay: 1165 ms, Max Speed: 3.82 M/s, Avg Speed: 0.71 M/s, Max Resolution: 1920x1080
Category: 📡卫视频道, Name: 三沙卫视, Total: 1, Valid: 1, Valid Percent: 100.00%, IPv4: 1, IPv6: 0, Min Delay: 420 ms, Max Speed: 12.25 M/s, Avg Speed: 12.25 M/s, Max Resolution: 1920x1080
Category: 📡卫视频道, Name: 四川卫视, Total: 5, Valid: 4, Valid Percent: 80.00%, IPv4: 5, IPv6: 0, Min Delay: 142 ms, Max Speed: 0.69 M/s, Avg Speed: 0.30 M/s, Max Resolution: 1920x1080
Category: 📡卫视频道, Name: 深圳卫视, Total: 9, Valid: 8, Valid Percent: 88.89%, IPv4: 9, IPv6: 0, Min Delay: 1094 ms, Max Speed: 2.29 M/s, Avg Speed: 0.55 M/s, Max Resolution: 1920x1080
Category: 📡卫视频道, Name: 天津卫视, Total: 6, Valid: 5, Valid Percent: 83.33%, IPv4: 6, IPv6: 0, Min Delay: 10044 ms, Max Speed: 0.06 M/s, Avg Speed: 0.04 M/s, Max Resolution: 1920x1080
Category: 📡卫视频道, Name: 西藏卫视, Total: 4, Valid: 4, Valid Percent: 100.00%, IPv4: 4, IPv6: 0, Min Delay: 2875 ms, Max Speed: 1.09 M/s, Avg Speed: 0.37 M/s, Max Resolution: 1920x1080
Category: 📡卫视频道, Name: 新疆卫视, Total: 3, Valid: 3, Valid Percent: 100.00%, IPv4: 3, IPv6: 0, Min Delay: 3837 ms, Max Speed: 0.73 M/s, Avg Speed: 0.26 M/s, Max Resolution: 720x576
Category: 📡卫视频道, Name: 云南卫视, Total: 5, Valid: 5, Valid Percent: 100.00%, IPv4: 5, IPv6: 0, Min Delay: 2038 ms, Max Speed: 0.11 M/s, Avg Speed: 0.07 M/s, Max Resolution: 720x576
Category: ☘️广东频道, Name: 广东新闻, Total: 1, Valid: 0, Valid Percent: 0.00%, IPv4: 1, IPv6: 0, Min Delay: 466 ms, Max Speed: 0.00 M/s, Avg Speed: 0.00 M/s, Max Resolution: None
Category: 📺台湾频道, Name: 中天新闻, Total: 1, Valid: 0, Valid Percent: 0.00%, IPv4: 1, IPv6: 0, Min Delay: -1 ms, Max Speed: 0.00 M/s, Avg Speed: 0.00 M/s, Max Resolution: None
Category: 🌊港·澳·台, Name: 翡翠台, Total: 1, Valid: 0, Valid Percent: 0.00%, IPv4: 1, IPv6: 0, Min Delay: -1 ms, Max Speed: 0.00 M/s, Avg Speed: 0.00 M/s, Max Resolution: None
Category: 📺台湾频道, Name: 三立新闻, Total: 1, Valid: 0, Valid Percent: 0.00%, IPv4: 1, IPv6: 0, Min Delay: -1 ms, Max Speed: 0.00 M/s, Avg Speed: 0.00 M/s, Max Resolution: None
Category: 🌊港·澳·台, Name: 明珠台, Total: 1, Valid: 0, Valid Percent: 0.00%, IPv4: 1, IPv6: 0, Min Delay: -1 ms, Max Speed: 0.00 M/s, Avg Speed: 0.00 M/s, Max Resolution: None
Category: 🌊港·澳·台, Name: 东森超视, Total: 1, Valid: 0, Valid Percent: 0.00%, IPv4: 1, IPv6: 0, Min Delay: -1 ms, Max Speed: 0.00 M/s, Avg Speed: 0.00 M/s, Max Resolution: None
Category: 🌊港·澳·台, Name: 东森综合, Total: 1, Valid: 0, Valid Percent: 0.00%, IPv4: 1, IPv6: 0, Min Delay: -1 ms, Max Speed: 0.00 M/s, Avg Speed: 0.00 M/s, Max Resolution: None
Category: ☘️广东频道, Name: 广东体育, Total: 2, Valid: 2, Valid Percent: 100.00%, IPv4: 2, IPv6: 0, Min Delay: 10416 ms, Max Speed: 0.09 M/s, Avg Speed: 0.05 M/s, Max Resolution: 1920x1080
Category: ☘️广东频道, Name: 广东珠江, Total: 3, Valid: 3, Valid Percent: 100.00%, IPv4: 3, IPv6: 0, Min Delay: 10537 ms, Max Speed: 0.11 M/s, Avg Speed: 0.04 M/s, Max Resolution: 1920x1080
Category: 🎬电影频道, Name: IPTV经典电影, Total: 1, Valid: 1, Valid Percent: 100.00%, IPv4: 1, IPv6: 0, Min Delay: 701 ms, Max Speed: 1.68 M/s, Avg Speed: 1.68 M/s, Max Resolution: 1920x1080
Category: 🎬电影频道, Name: 无线星河, Total: 1, Valid: 1, Valid Percent: 100.00%, IPv4: 1, IPv6: 0, Min Delay: 209 ms, Max Speed: 0.12 M/s, Avg Speed: 0.12 M/s, Max Resolution: None
Category: 📺湖南地方频道, Name: 衡阳新闻综合, Total: 1, Valid: 1, Valid Percent: 100.00%, IPv4: 1, IPv6: 0, Min Delay: 6996 ms, Max Speed: 0.01 M/s, Avg Speed: 0.01 M/s, Max Resolution: None
Category: 🎬电影频道, Name: CHC家庭影院, Total: 1, Valid: 1, Valid Percent: 100.00%, IPv4: 1, IPv6: 0, Min Delay: 10925 ms, Max Speed: 0.31 M/s, Avg Speed: 0.31 M/s, Max Resolution: 1920x1080
Category: ☘️广东频道, Name: 广东民生, Total: 2, Valid: 1, Valid Percent: 50.00%, IPv4: 2, IPv6: 0, Min Delay: 456 ms, Max Speed: 0.01 M/s, Avg Speed: 0.01 M/s, Max Resolution: None
Category: ☘️广东频道, Name: 大湾区卫视, Total: 3, Valid: 3, Valid Percent: 100.00%, IPv4: 3, IPv6: 0, Min Delay: 9141 ms, Max Speed: 1.01 M/s, Avg Speed: 0.34 M/s, Max Resolution: 1920x1080
Category: 🎬电影频道, Name: 天映经典, Total: 2, Valid: 2, Valid Percent: 100.00%, IPv4: 2, IPv6: 0, Min Delay: 283 ms, Max Speed: 5.21 M/s, Avg Speed: 2.63 M/s, Max Resolution: 1280x720
Category: 📺湖南地方频道, Name: 金鹰纪实, Total: 1, Valid: 0, Valid Percent: 0.00%, IPv4: 1, IPv6: 0, Min Delay: 10306 ms, Max Speed: 0.00 M/s, Avg Speed: 0.00 M/s, Max Resolution: None
Category: 🎬电影频道, Name: CHC动作电影, Total: 3, Valid: 2, Valid Percent: 66.67%, IPv4: 3, IPv6: 0, Min Delay: 458 ms, Max Speed: 0.51 M/s, Avg Speed: 0.30 M/s, Max Resolution: 1920x1080
Category: 🎬电影频道, Name: 星空卫视, Total: 1, Valid: 1, Valid Percent: 100.00%, IPv4: 1, IPv6: 0, Min Delay: 10692 ms, Max Speed: 0.09 M/s, Avg Speed: 0.09 M/s, Max Resolution: 720x576
